// Jest Snapshot v1, https://goo.gl/fbAQLP

exports[`Section tests correct render Section 1`] = `
<section
  className="section null"
>
  <div
    className="wrap"
  />
</section>
`;
