// Jest Snapshot v1, https://goo.gl/fbAQLP

exports[`ItemAbility tests render correctly 1`] = `
Array [
  <h3
    className="ability__title"
  >
    dagger
  </h3>,
  <p
    className="ability__description"
  >
    desc
  </p>,
  <p>
    lvl bonus
  </p>,
  <p>
    ability active
  </p>,
]
`;
