// Jest Snapshot v1, https://goo.gl/fbAQLP

exports[`Section tests render correctly 1`] = `
<div
  className="filter-range"
>
  <div
    className="filter-header"
  >
    <h2
      className="filter-title"
    >
      damage
    </h2>
    <div
      className="filter-values"
    >
      <p>
        0
         - 
        100
      </p>
    </div>
  </div>
  <div
    className="filter-body"
    style={
      Object {
        "width": "220px",
      }
    }
  >
    <div
      className="range-line"
    />
    <div
      className="filter-range__line"
      style={
        Object {
          "transform": "translate(0px, 0)
                scale(1, 1)",
        }
      }
    />
    <div
      className="filter-range__min-value"
      data-value="min"
      onDragStart={[Function]}
      onMouseDown={[Function]}
      style={
        Object {
          "transform": "translate(0px, 0)",
        }
      }
    />
    <div
      className="filter-range__max-value"
      data-value="max"
      onDragStart={[Function]}
      onMouseDown={[Function]}
      style={
        Object {
          "transform": "translate(184px, 0)",
        }
      }
    />
  </div>
</div>
`;
