// Jest Snapshot v1, https://goo.gl/fbAQLP

exports[`Nav tests render correctly 1`] = `
<nav
  className="nav"
>
  <ul
    className="list"
  />
</nav>
`;
